[screenprank.com/windows-7/index.html]
[backblue.gif]
[fade.gif]
[index.html]
[screenprank.com/windows-7/core.min.css]
[screenprank.com/windows-7/main.js]
[screenprank.com/windows-7/resources/boot.mp4]
[screenprank.com/windows-7/resources/acc/user.webp]
[screenprank.com/windows-7/about.html]
[screenprank.com/windows-7/resources/sound/Windows7-startup-sound.ogg]
[screenprank.com/cdn-cgi/scripts/7d0fa10a/cloudflare-static/rocket-loader.min.js]
[screenprank.com/windows-7/index.html]
[screenprank.com/cdn-cgi/challenge-platform/h/g/scripts/jsd/f3b948d8acb8/maind41d.js]
[screenprank.com/windows-7/resources/ico/ie.webp]
[screenprank.com/windows-7/resources/ico/installer.webp]
[screenprank.com/windows-7/resources/ico/calculator.webp]
[screenprank.com/windows-7/resources/ico/paint.webp]
[screenprank.com/windows-7/resources/ico/snipping-tool.webp]
[screenprank.com/windows-7/resources/ico/notepad.webp]
[screenprank.com/windows-7/resources/ico/my-computer.ico]
[screenprank.com/windows-7/resources/ico/recycle-bin.ico]
[screenprank.com/windows-7/resources/ico/file.ico]
[screenprank.com/windows-7/resources/ico/folder.ico]
[screenprank.com/windows-7/resources/ico/personal.ico]
[screenprank.com/windows-7/resources/ico/desktop.ico]
[screenprank.com/windows-7/resources/ico/disk-data.ico]
[screenprank.com/windows-7/resources/ico/disk-usb.ico]
[screenprank.com/windows-7/resources/ico/disk-os.ico]
[screenprank.com/windows-7/resources/ico/disk-cd.ico]
[screenprank.com/windows-7/resources/ico/cancel.ico]
[screenprank.com/windows-7/resources/ico/save.ico]
[screenprank.com/windows-7/resources/ico/player.ico]
[screenprank.com/windows-7/resources/ico/info.ico]
[screenprank.com/windows-7/resources/bg/login.webp]
[screenprank.com/windows-7/resources/ico/start-button.webp]
[screenprank.com/windows-7/resources/bg/default.webp]
[screenprank.com/windows-7/resources/bg/architecture.webp]
[screenprank.com/windows-7/resources/bg/landscape.webp]
[screenprank.com/windows-7/resources/bg/nature.webp]
[screenprank.com/windows-7/resources/ico/start-button-classic.webp]
[screenprank.com/windows-7/core.min.css]
[screenprank.com/windows-7/about.html]
